// Jest Snapshot v1, https://goo.gl/fbAQLP

exports[`Snapshot test for Filter component 1`] = `
<div
  className="filter-group"
>
  <select
    id="Offense"
    onChange={[Function]}
  >
    <optgroup
      label="Offense"
    >
      <option>
        Select Crime
      </option>
      <option
        value="arson"
      >
        Arson
      </option>
      <option
        value="rape"
      >
        Rape
      </option>
      <option
        value="assault"
      >
        Assault
      </option>
      <option
        value="burglary"
      >
        Burglary
      </option>
      <option
        value="aggravated-assault"
      >
        aggravated assault
      </option>
      <option
        value="robbery"
      >
        Robbery
      </option>
      <option
        value="violent-crime"
      >
        Violent-Crime
      </option>
      <option
        value="larceny"
      >
        Larceny
      </option>
      <option
        value="homicide"
      >
        Homicide
      </option>
      <option
        value="property-crime"
      >
        Property-Crime
      </option>
    </optgroup>
  </select>
  <select
    id="StateAbbr"
    onChange={[Function]}
  >
    <optgroup
      label="State"
    >
      <option>
        Select State
      </option>
      <option
        value="AL"
      >
        Alabama
      </option>
      <option
        value="AZ"
      >
        Arizona
      </option>
      <option
        value="AR"
      >
        Arkansas
      </option>
      <option
        value="CO"
      >
        Colorado
      </option>
      <option
        value="CT"
      >
        Connecticut
      </option>
      <option
        value="DE"
      >
        Delaware
      </option>
      <option
        value="GA"
      >
        Georgia
      </option>
      <option
        value="HI"
      >
        Hawaii
      </option>
      <option
        value="ID"
      >
        Idaho
      </option>
      <option
        value="IL"
      >
        Illinois
      </option>
      <option
        value="IN"
      >
        Indiana
      </option>
      <option
        value="IA"
      >
        Iowa
      </option>
      <option
        value="KS"
      >
        Kansas
      </option>
      <option
        value="KY"
      >
        Kentucky
      </option>
      <option
        value="LA"
      >
        Louisiana
      </option>
      <option
        value="ME"
      >
        Maine
      </option>
      <option
        value="MD"
      >
        Maryland
      </option>
      <option
        value="MA"
      >
        Massachusetts
      </option>
      <option
        value="MI"
      >
        Michigan
      </option>
      <option
        value="MN"
      >
        Minnesota
      </option>
      <option
        value="MS"
      >
        Mississippi
      </option>
      <option
        value="MO"
      >
        Missouri
      </option>
      <option
        value="MT"
      >
        Montana
      </option>
      <option
        value="NE"
      >
        Nebraska
      </option>
      <option
        value="NH"
      >
        New Hampshire
      </option>
      <option
        value="NM"
      >
        New Mexico
      </option>
      <option
        value="ND"
      >
        North Dakota
      </option>
      <option
        value="OH"
      >
        Ohio
      </option>
      <option
        value="OK"
      >
        Oklahoma
      </option>
      <option
        value="OR"
      >
        Oregon
      </option>
      <option
        value="PA"
      >
        Pennsylvania
      </option>
      <option
        value="RI"
      >
        Rhode Island
      </option>
      <option
        value="SC"
      >
        South Carolina
      </option>
      <option
        value="SD"
      >
        South Dakota
      </option>
      <option
        value="TN"
      >
        Tennessee
      </option>
      <option
        value="TX"
      >
        Texas
      </option>
      <option
        value="UT"
      >
        Utah
      </option>
      <option
        value="VT"
      >
        Vermont
      </option>
      <option
        value="VA"
      >
        Virginia
      </option>
      <option
        value="WA"
      >
        Washington
      </option>
      <option
        value="WV"
      >
        West Virginia
      </option>
      <option
        value="WI"
      >
        Wisconsin
      </option>
    </optgroup>
  </select>
</div>
`;

exports[`Snapshot test for Signup page 1`] = `
<div
  className="filter-group"
>
  <select
    id="Offense"
    onChange={[Function]}
  >
    <optgroup
      label="Offense"
    >
      <option>
        Select Crime
      </option>
      <option
        value="arson"
      >
        Arson
      </option>
      <option
        value="rape"
      >
        Rape
      </option>
      <option
        value="assault"
      >
        Assault
      </option>
      <option
        value="burglary"
      >
        Burglary
      </option>
      <option
        value="aggravated-assault"
      >
        aggravated assault
      </option>
      <option
        value="robbery"
      >
        Robbery
      </option>
      <option
        value="violent-crime"
      >
        Violent-Crime
      </option>
      <option
        value="larceny"
      >
        Larceny
      </option>
      <option
        value="homicide"
      >
        Homicide
      </option>
      <option
        value="property-crime"
      >
        Property-Crime
      </option>
    </optgroup>
  </select>
  <select
    id="StateAbbr"
    onChange={[Function]}
  >
    <optgroup
      label="State"
    >
      <option>
        Select State
      </option>
      <option
        value="AL"
      >
        Alabama
      </option>
      <option
        value="AZ"
      >
        Arizona
      </option>
      <option
        value="AR"
      >
        Arkansas
      </option>
      <option
        value="CO"
      >
        Colorado
      </option>
      <option
        value="CT"
      >
        Connecticut
      </option>
      <option
        value="DE"
      >
        Delaware
      </option>
      <option
        value="GA"
      >
        Georgia
      </option>
      <option
        value="HI"
      >
        Hawaii
      </option>
      <option
        value="ID"
      >
        Idaho
      </option>
      <option
        value="IL"
      >
        Illinois
      </option>
      <option
        value="IN"
      >
        Indiana
      </option>
      <option
        value="IA"
      >
        Iowa
      </option>
      <option
        value="KS"
      >
        Kansas
      </option>
      <option
        value="KY"
      >
        Kentucky
      </option>
      <option
        value="LA"
      >
        Louisiana
      </option>
      <option
        value="ME"
      >
        Maine
      </option>
      <option
        value="MD"
      >
        Maryland
      </option>
      <option
        value="MA"
      >
        Massachusetts
      </option>
      <option
        value="MI"
      >
        Michigan
      </option>
      <option
        value="MN"
      >
        Minnesota
      </option>
      <option
        value="MS"
      >
        Mississippi
      </option>
      <option
        value="MO"
      >
        Missouri
      </option>
      <option
        value="MT"
      >
        Montana
      </option>
      <option
        value="NE"
      >
        Nebraska
      </option>
      <option
        value="NH"
      >
        New Hampshire
      </option>
      <option
        value="NM"
      >
        New Mexico
      </option>
      <option
        value="ND"
      >
        North Dakota
      </option>
      <option
        value="OH"
      >
        Ohio
      </option>
      <option
        value="OK"
      >
        Oklahoma
      </option>
      <option
        value="OR"
      >
        Oregon
      </option>
      <option
        value="PA"
      >
        Pennsylvania
      </option>
      <option
        value="RI"
      >
        Rhode Island
      </option>
      <option
        value="SC"
      >
        South Carolina
      </option>
      <option
        value="SD"
      >
        South Dakota
      </option>
      <option
        value="TN"
      >
        Tennessee
      </option>
      <option
        value="TX"
      >
        Texas
      </option>
      <option
        value="UT"
      >
        Utah
      </option>
      <option
        value="VT"
      >
        Vermont
      </option>
      <option
        value="VA"
      >
        Virginia
      </option>
      <option
        value="WA"
      >
        Washington
      </option>
      <option
        value="WV"
      >
        West Virginia
      </option>
      <option
        value="WI"
      >
        Wisconsin
      </option>
    </optgroup>
  </select>
</div>
`;
